<html>
<body>
<pre>
<h1>µVision Build Log</h1>
<h2>Tool Versions:</h2>
IDE-Version: µVision V5.32.0.0
Copyright (C) 2020 ARM Ltd and ARM Germany GmbH. All rights reserved.
License Information: 1 1, 1, LIC=----
 
Tool Versions:
Toolchain:       MDK-Lite  Version: 5.32.0.0
Toolchain Path:  C:\Keil_v5\ARM\ARMCC\Bin
C Compiler:      Armcc.exe V5.06 update 7 (build 960)
Assembler:       Armasm.exe V5.06 update 7 (build 960)
Linker/Locator:  ArmLink.exe V5.06 update 7 (build 960)
Library Manager: ArmAr.exe V5.06 update 7 (build 960)
Hex Converter:   FromElf.exe V5.06 update 7 (build 960)
CPU DLL:         SARMCM3.DLL V5.32.0.0
Dialog DLL:      DARMCM1.DLL V1.19.4.0
Target DLL:      Nu_Link.dll V1.23
Dialog DLL:      TARMCM1.DLL V1.14.3.0
 
<h2>Project:</h2>
C:\nuvoton\NUC140BSP\NuvotonPlatform_Keil\Sample\EduSampleCode\Smpl_LCD_PingPong - Copy\Smpl_LCD_PingPong.uvproj
Project File Date:  11/30/2020

<h2>Output:</h2>
*** Using Compiler 'V5.06 update 7 (build 960)', folder: 'C:\Keil_v5\ARM\ARMCC\Bin'
Rebuild target 'Smpl_LCD_PingPong'
creating preprocessor file for core_cm0.c...
creating preprocessor file for system_NUC1xx.c...
compiling core_cm0.c...
assembling startup_NUC1xx.s...
creating preprocessor file for LCD_Driver.c...
compiling system_NUC1xx.c...
creating preprocessor file for Ascii_Table.C...
compiling Ascii_Table.C...
compiling LCD_Driver.c...
creating preprocessor file for 2D_Graphic_Driver.c...
creating preprocessor file for Smpl_LCD_PingPong.c...
compiling 2D_Graphic_Driver.c...
creating preprocessor file for ScanKey.c...
compiling Smpl_LCD_PingPong.c...
Smpl_LCD_PingPong.c(62): warning:  #177-D: variable "j"  was declared but never referenced
  	int RightScore=0, LeftScore=0, movX, movY,j,i,LeftLineUpperEdge,LeftLineLowerEdge,RightLineUpperEdge,RightLineLowerEdge;
Smpl_LCD_PingPong.c(62): warning:  #177-D: variable "i"  was declared but never referenced
  	int RightScore=0, LeftScore=0, movX, movY,j,i,LeftLineUpperEdge,LeftLineLowerEdge,RightLineUpperEdge,RightLineLowerEdge;
Smpl_LCD_PingPong.c(62): warning:  #550-D: variable "RightLineUpperEdge"  was set but never used
  	int RightScore=0, LeftScore=0, movX, movY,j,i,LeftLineUpperEdge,LeftLineLowerEdge,RightLineUpperEdge,RightLineLowerEdge;
Smpl_LCD_PingPong.c(62): warning:  #550-D: variable "RightLineLowerEdge"  was set but never used
  	int RightScore=0, LeftScore=0, movX, movY,j,i,LeftLineUpperEdge,LeftLineLowerEdge,RightLineUpperEdge,RightLineLowerEdge;
Smpl_LCD_PingPong.c: 4 warnings, 0 errors
creating preprocessor file for Seven_Segment.c...
creating preprocessor file for DrvSYS.c...
compiling ScanKey.c...
compiling Seven_Segment.c...
creating preprocessor file for DrvGPIO.c...
compiling DrvSYS.c...
compiling DrvGPIO.c...
linking...
Program Size: Code=4988 RO-data=228 RW-data=84 ZI-data=2148  
After Build - User command #1: fromelf --bin ".\obj\Smpl_LCD_PingPong.axf" --output ".\obj\Smpl_LCD_PingPong.bin"
After Build - User command #2: fromelf --text -c ".\obj\Smpl_LCD_PingPong.axf" --output ".\obj\Smpl_LCD_PingPong.txt"
".\obj\Smpl_LCD_PingPong.axf" - 0 Error(s), 4 Warning(s).
Build Time Elapsed:  00:00:02
</pre>
</body>
</html>
